../Drivers/CMSIS/Include/core_cm4.h:2064:26:ITM_SendChar	16	static,ignoring_inline_asm
../Core/Src/main.c:92:5:main	24	static
../Core/Src/main.c:183:6:SystemClock_Config	88	static
../Core/Src/main.c:230:13:MX_TIM1_Init	96	static
../Core/Src/main.c:313:13:MX_TIM2_Init	56	static
../Core/Src/main.c:362:13:MX_USART2_UART_Init	8	static
../Core/Src/main.c:395:13:MX_GPIO_Init	48	static
../Core/Src/main.c:424:5:_write	32	static
../Core/Src/main.c:433:6:PID_Control	16	static
../Core/Src/main.c:471:6:Error_Handler	4	static,ignoring_inline_asm
